
> skiip@0.0.0 build
> vite build

[36mvite v7.3.1 [32mbuilding client environment for production...[36m[39m
transforming...
[32mÔ£ô[39m 12 modules transformed.
node.exe : [31mÔ£ù[39m Build failed in 59ms
At C:\Program Files\nodejs\npm.ps1:29 char:3
+   & $NODE_EXE $NPM_CLI_JS $args
+   ~~~~~~~~~~~~~~~~~~~~~~~~~~~~~
    + CategoryInfo          : NotSpecified: ([31mÔ£ 
   ù[39m Build failed in 59ms:String) [], RemoteEx  
  ception
    + FullyQualifiedErrorId : NativeCommandError
 
[31merror during build:
[31mCould not resolve 
".//site/assets/js/storage.js" from 
"site/contact.html?html-proxy&index=0.js"[31m
file: [36mC:/Users/deang/OneDrive/Documents/GitHub/s
kiip/site/contact.html?html-proxy&index=0.js[31m
    at getRollupError (file:///C:/Users/deang/OneDriv
e/Documents/GitHub/skiip/node_modules/rollup/dist/es/
shared/parseAst.js:401:41)
    at error (file:///C:/Users/deang/OneDrive/Documen
ts/GitHub/skiip/node_modules/rollup/dist/es/shared/pa
rseAst.js:397:42)
    at ModuleLoader.handleInvalidResolvedId (file:///
C:/Users/deang/OneDrive/Documents/GitHub/skiip/node_m
odules/rollup/dist/es/shared/node-entry.js:21710:24)
    at file:///C:/Users/deang/OneDrive/Documents/GitH
ub/skiip/node_modules/rollup/dist/es/shared/node-entr
y.js:21670:26[39m
